// Jest Snapshot v1, https://goo.gl/fbAQLP

exports[`ForecastSummary renders correctly 1`] = `
<DocumentFragment>
  <div
    class="forecast-details"
  >
    <div
      class="forecast-details__date"
    >
      Thu Jan 01 1970
    </div>
    <div
      class="forecast-details__temperature-min"
    >
      Minimum: 12°C
    </div>
    <div
      class="forecast-details__temperature-max"
    >
      Maximum: 22°C
    </div>
    <div
      class="forecast-details__wind"
    >
      Wind: 15s
    </div>
    <div
      class="forecast-details__humidity"
    >
      Humidity: 30
    </div>
    <div
      class="forecast-details__description"
    >
      Stub description
    </div>
    <div
      class="forecast-details__icon"
      data-testid="forecast-icon"
    >
      <i
        class="wi wi-day-sunny"
        name="owm"
      />
    </div>
  </div>
</DocumentFragment>
`;
